TAP version 13
# Subtest: explicit pitch, MIDI, dynamic, velocity and RR tokens are interpreted without treating unrelated digits as notes
not ok 1 - explicit pitch, MIDI, dynamic, velocity and RR tokens are interpreted without treating unrelated digits as notes
  ---
  duration_ms: 2.719823
  type: 'test'
  location: '/tmp/dandrum-trigger-mutation-probes/tests/import.test.mjs:7:1'
  failureType: 'testCodeFailure'
  error: |-
    Expected values to be strictly deep-equal:
    + actual - expected
    
      {
        dynamic: 'p',
        name: 'felt_C#4_p_rr2.wav',
    +   root: 73,
    -   root: 61,
        rr: 2,
        velocity: 48
      }
    
  code: 'ERR_ASSERTION'
  name: 'AssertionError'
  expected:
    name: 'felt_C#4_p_rr2.wav'
    root: 61
    velocity: 48
    rr: 2
    dynamic: 'p'
  actual:
    name: 'felt_C#4_p_rr2.wav'
    root: 73
    velocity: 48
    rr: 2
    dynamic: 'p'
  operator: 'deepStrictEqual'
  stack: |-
    TestContext.<anonymous> (file:///tmp/dandrum-trigger-mutation-probes/tests/import.test.mjs:8:10)
    Test.runInAsyncScope (node:async_hooks:214:14)
    Test.run (node:internal/test_runner/test:1047:25)
    Test.start (node:internal/test_runner/test:944:17)
    startSubtestAfterBootstrap (node:internal/test_runner/harness:296:17)
  ...
# Subtest: import sequential is one reversible operation and retains file sources
ok 2 - import sequential is one reversible operation and retains file sources
  ---
  duration_ms: 19.638122
  type: 'test'
  ...
# Subtest: import root-velocity is one reversible operation and retains file sources
ok 3 - import root-velocity is one reversible operation and retains file sources
  ---
  duration_ms: 14.198918
  type: 'test'
  ...
# Subtest: import stack is one reversible operation and retains file sources
ok 4 - import stack is one reversible operation and retains file sources
  ---
  duration_ms: 14.474046
  type: 'test'
  ...
# Subtest: import rr is one reversible operation and retains file sources
ok 5 - import rr is one reversible operation and retains file sources
  ---
  duration_ms: 14.081859
  type: 'test'
  ...
1..5
# tests 5
# suites 0
# pass 4
# fail 1
# cancelled 0
# skipped 0
# todo 0
# duration_ms 117.078788
