Launching filter-slint from /tmp/dandrum-filter-ui-spikes
+ /home/dan/.local/bin/cmake -S /tmp/dandrum-filter-ui-spikes -B /tmp/dandrum-filter-ui-spikes/build/filter-ui-spikes -DDANDRUM_NATIVE_ONLY=ON -DDANDRUM_BUILD_FILTER_UI_SPIKES=ON -DCMAKE_BUILD_TYPE=Release
-- Configuring juceaide
-- Building juceaide
-- Exporting juceaide
-- Testing juceaide
-- Finished setting up juceaide
-- Rust Toolchain: stable-x86_64-unknown-linux-gnu
-- Rust Target: x86_64-unknown-linux-gnu
-- Found Rust: /home/dan/.rustup/toolchains/stable-x86_64-unknown-linux-gnu/bin/rustc (found version "1.96.0")
-- Rust Toolchain: stable-x86_64-unknown-linux-gnu
-- Rust Target: x86_64-unknown-linux-gnu
-- Found Rust: /home/dan/.rustup/toolchains/stable-x86_64-unknown-linux-gnu/bin/rustc (found suitable version "1.96.0", minimum required is "1.92")
-- Configuring done (1.1s)
-- Generating done (0.2s)
-- Build files have been written to: /tmp/dandrum-filter-ui-spikes/build/filter-ui-spikes
+ /home/dan/.local/bin/cmake --build /tmp/dandrum-filter-ui-spikes/build/filter-ui-spikes --target dandrum-filter-slint_Standalone --config Release
[  0%] Built target cargo-prebuild_slint_cpp
    Finished `release` profile [optimized] target(s) in 0.33s
Copying byproducts `libslint_cpp.a` to /tmp/dandrum-filter-ui-spikes/build/filter-ui-spikes/_deps/slint-build
[  0%] Built target _cargo-build_slint_cpp
[  0%] Built target cargo-build_slint_cpp
[ 16%] Built target dandrum-engine-rust
[ 16%] Built target cargo-prebuild_slint-compiler
    Finished `release` profile [optimized] target(s) in 0.25s
Copying byproducts `slint-compiler` to /tmp/dandrum-filter-ui-spikes/build/filter-ui-spikes/_deps/slint-build
[ 16%] Built target _cargo-build_slint-compiler
[ 16%] Built target cargo-build_slint-compiler
[ 83%] Built target dandrum-filter-slint
[100%] Built target dandrum-filter-slint_Standalone
+ '/tmp/dandrum-filter-ui-spikes/build/filter-ui-spikes/dandrum-filter-slint_artefacts/Release/Standalone/Dandrum Filter Slint'
