test_filter_spikes_register_isolated_native_only_standalone_demos (test_demo_inventory.DemoInventoryTest) ... ok
test_guard_names_missing_native_and_browser_demos_and_wrong_artifacts (test_demo_inventory.DemoInventoryTest) ... ok
test_repository_demo_inventory_is_registered (test_demo_inventory.DemoInventoryTest) ... ok
test_browser_dependencies_and_argument_forwarding (test_demo_launcher.DemoLauncherTest) ... ok
test_embedded_react_uses_isolated_webview_build_and_required_dependency (test_demo_launcher.DemoLauncherTest) ... ok
test_empty_single_config_cache_launches_default_artifact (test_demo_launcher.DemoLauncherTest) ... ok
test_filter_spikes_launch_their_registered_artifacts_and_forward_arguments (test_demo_launcher.DemoLauncherTest) ... ok
test_list_help_and_unknown_name (test_demo_launcher.DemoLauncherTest) ... ok
test_missing_command_artifact_and_interruption_are_actionable (test_demo_launcher.DemoLauncherTest) ... ok
test_missing_sources_and_git_do_not_start_preparation (test_demo_launcher.DemoLauncherTest) ... ok
test_native_app_bundle_and_exe_artifact_paths (test_demo_launcher.DemoLauncherTest) ... ok
test_native_availability_requires_its_target (test_demo_launcher.DemoLauncherTest) ... ok
test_native_build_launch_and_argument_forwarding (test_demo_launcher.DemoLauncherTest) ... ok
test_native_build_metadata_is_generic_and_skips_browser_dependencies (test_demo_launcher.DemoLauncherTest) ... ok
test_native_configured_artifact_wins_over_stale_default (test_demo_launcher.DemoLauncherTest) ... ok
test_native_only_failures_stop_before_launching_or_preserve_child_status (test_demo_launcher.DemoLauncherTest) ... ok
test_optional_build_metadata_preserves_react_flags_and_dependency_preparation (test_demo_launcher.DemoLauncherTest) ... ok
test_preparation_and_child_failures_stop_and_preserve_exit_codes (test_demo_launcher.DemoLauncherTest) ... ok
test_resolve_local_then_sorted_compatible_worktrees (test_demo_launcher.DemoLauncherTest) ... ok
test_artifact_layout_is_calibrated_against_vendored_juce_target_files (test_demo_launcher_boundaries.DemoLauncherBoundaryTest) ... -- The C compiler identification is GNU 11.4.0
-- The CXX compiler identification is GNU 11.4.0
-- Detecting C compiler ABI info
-- Detecting C compiler ABI info - done
-- Check for working C compiler: /usr/bin/cc - skipped
-- Detecting C compile features
-- Detecting C compile features - done
-- Detecting CXX compiler ABI info
-- Detecting CXX compiler ABI info - done
-- Check for working CXX compiler: /usr/bin/c++ - skipped
-- Detecting CXX compile features
-- Detecting CXX compile features - done
-- Found PkgConfig: /usr/bin/pkg-config (found version "0.29.2")
-- Checking for module 'alsa'
--   Found alsa, version 1.2.8
-- Checking for modules 'freetype2;fontconfig'
--   Found freetype2, version 24.1.18
--   Found fontconfig, version 2.13.1
-- Checking for module 'gl'
--   Found gl, version 1.2
-- Checking for module 'libcurl'
--   Found libcurl, version 7.81.0
-- Checking for modules 'webkit2gtk-4.1;gtk+-x11-3.0'
--   Found webkit2gtk-4.1, version 2.50.4
--   Found gtk+-x11-3.0, version 3.24.33
-- Performing Test CMAKE_HAVE_LIBC_PTHREAD
-- Performing Test CMAKE_HAVE_LIBC_PTHREAD - Success
-- Found Threads: TRUE
-- Configuring done (0.8s)
-- Generating done (0.0s)
-- Build files have been written to: /tmp/dandrum demo boundary gbq1uqcl/source checkout/build
-- Configuring done (0.2s)
-- Generating done (0.0s)
-- Build files have been written to: /tmp/dandrum demo boundary gbq1uqcl/source checkout/build
-- Configuring done (0.2s)
-- Generating done (0.0s)
-- Build files have been written to: /tmp/dandrum demo boundary gbq1uqcl/source checkout/build
ok
test_executable_lists_demos_from_another_current_directory (test_demo_launcher_boundaries.DemoLauncherBoundaryTest) ... ok
test_real_cmake_build_launch_and_configure_failure (test_demo_launcher_boundaries.DemoLauncherBoundaryTest) ... -- Configuring done (0.0s)
-- Generating done (0.0s)
-- Build files have been written to: /tmp/dandrum demo boundary tje_42nh/source checkout/build
Built target dandrum-drum-machine-demo
-- Configuring done (0.0s)
-- Generating done (0.0s)
-- Build files have been written to: /tmp/dandrum demo boundary tje_42nh/source checkout/build
-- Configuring done (0.0s)
-- Generating done (0.0s)
-- Build files have been written to: /tmp/dandrum demo boundary tje_42nh/source checkout/build
Built target dandrum-plugin_Standalone
-- Configuring done (0.0s)
-- Generating done (0.0s)
-- Build files have been written to: /tmp/dandrum demo boundary tje_42nh/source checkout/build
Built target dandrum-drum-machine-demo
-- Configuring done (0.0s)
-- Generating done (0.0s)
-- Build files have been written to: /tmp/dandrum demo boundary tje_42nh/source checkout/build/filter-ui-spikes
Built target dandrum-drum-machine-demo
CMake Error at CMakeLists.txt:18 (message):
  injected configure failure


-- Configuring incomplete, errors occurred!
ok
test_real_git_worktree_and_npm_launch_then_install_failure (test_demo_launcher_boundaries.DemoLauncherBoundaryTest) ...
up to date, audited 1 package in 155ms

found 0 vulnerabilities

> dandrum-launcher-boundary@1.0.0 dev
> node run.cjs --port 4321 argument with spaces

npm error code EUSAGE
npm error
npm error The `npm ci` command can only install with an existing package-lock.json or
npm error npm-shrinkwrap.json with lockfileVersion >= 1. Run an install with npm@5 or
npm error later to generate a package-lock.json file, then try again.
npm error
npm error Clean install a project
npm error
npm error Usage:
npm error npm ci
npm error
npm error Options:
npm error [--install-strategy <hoisted|nested|shallow|linked>] [--legacy-bundling]
npm error [--global-style] [--omit <dev|optional|peer> [--omit <dev|optional|peer> ...]]
npm error [--include <prod|dev|optional|peer> [--include <prod|dev|optional|peer> ...]]
npm error [--strict-peer-deps] [--foreground-scripts] [--ignore-scripts] [--no-audit]
npm error [--no-bin-links] [--no-fund] [--dry-run]
npm error [-w|--workspace <workspace-name> [-w|--workspace <workspace-name> ...]]
npm error [-ws|--workspaces] [--include-workspace-root] [--install-links]
npm error
npm error aliases: clean-install, ic, install-clean, isntall-clean
npm error
npm error Run "npm help ci" for more info
npm error A complete log of this run can be found in: /home/dan/.npm/_logs/2026-10-07T08_45_24_036Z-debug-0.log
ok

----------------------------------------------------------------------
Ran 23 tests in 2.570s

OK
