test_real_cmake_build_launch_and_configure_failure (test_demo_launcher_boundaries.DemoLauncherBoundaryTest) ... -- Configuring done (0.0s)
-- Generating done (0.0s)
-- Build files have been written to: /tmp/dandrum demo boundary a9c62o5u/source checkout/build
Built target dandrum-drum-machine-demo
-- Configuring done (0.0s)
-- Generating done (0.0s)
-- Build files have been written to: /tmp/dandrum demo boundary a9c62o5u/source checkout/build
-- Configuring done (0.0s)
-- Generating done (0.0s)
-- Build files have been written to: /tmp/dandrum demo boundary a9c62o5u/source checkout/build
Built target dandrum-plugin_Standalone
-- Configuring done (0.0s)
-- Generating done (0.0s)
-- Build files have been written to: /tmp/dandrum demo boundary a9c62o5u/source checkout/build
Built target dandrum-drum-machine-demo
npm error code EUSAGE
npm error
npm error The `npm ci` command can only install with an existing package-lock.json or
npm error npm-shrinkwrap.json with lockfileVersion >= 1. Run an install with npm@5 or
npm error later to generate a package-lock.json file, then try again.
npm error
npm error Clean install a project
npm error
npm error Usage:
npm error npm ci
npm error
npm error Options:
npm error [--install-strategy <hoisted|nested|shallow|linked>] [--legacy-bundling]
npm error [--global-style] [--omit <dev|optional|peer> [--omit <dev|optional|peer> ...]]
npm error [--include <prod|dev|optional|peer> [--include <prod|dev|optional|peer> ...]]
npm error [--strict-peer-deps] [--foreground-scripts] [--ignore-scripts] [--no-audit]
npm error [--no-bin-links] [--no-fund] [--dry-run]
npm error [-w|--workspace <workspace-name> [-w|--workspace <workspace-name> ...]]
npm error [-ws|--workspaces] [--include-workspace-root] [--install-links]
npm error
npm error aliases: clean-install, ic, install-clean, isntall-clean
npm error
npm error Run "npm help ci" for more info
npm error A complete log of this run can be found in: /home/dan/.npm/_logs/2026-10-07T08_40_58_039Z-debug-0.log
FAIL

======================================================================
FAIL: test_real_cmake_build_launch_and_configure_failure (test_demo_launcher_boundaries.DemoLauncherBoundaryTest)
----------------------------------------------------------------------
Traceback (most recent call last):
  File "/tmp/dandrum-filter-ui-launcher-spike/tests/python/test_demo_launcher_boundaries.py", line 89, in test_real_cmake_build_launch_and_configure_failure
    self.assertEqual(status, 0, error)
AssertionError: 1 != 0 : Demo command failed: Command '['npm', 'ci']' returned non-zero exit status 1.


----------------------------------------------------------------------
Ran 1 test in 0.672s

FAILED (failures=1)
