TAP version 13
# Subtest: R1: undo of a queued second gesture restores the first accepted gesture
ok 1 - R1: undo of a queued second gesture restores the first accepted gesture
  ---
  duration_ms: 32.544799
  type: 'test'
  ...
# Subtest: R2: undo file replacement restores Source history and leaves no dangling asset ID
ok 2 - R2: undo file replacement restores Source history and leaves no dangling asset ID
  ---
  duration_ms: 14.151923
  type: 'test'
  ...
# Subtest: R3: the declared EngineAdapter surface supports structural undo
ok 3 - R3: the declared EngineAdapter surface supports structural undo
  ---
  duration_ms: 9.356292
  type: 'test'
  ...
1..3
# tests 3
# suites 0
# pass 3
# fail 0
# cancelled 0
# skipped 0
# todo 0
# duration_ms 108.009503
